// Jest Snapshot v1, https://goo.gl/fbAQLP

exports[`<PatientsSearch /> renders correctly 1`] = `
<div>
  <div>
    <div
      class="loading-container"
    >
      <div
        class="loading-spinner"
      />
    </div>
    <input />
  </div>
</div>
`;
